// 重构日志: 822d9d6b
// 重构日志: c67c253e
// 同步 ID: e5661ffb @ Thu Jul  9 17:27:51 UTC 2026
// 重构日志: 29a90596
// 同步 ID: 2678a887 @ Sat Jul 11 07:18:51 UTC 2026
// 重构日志: 2c45dbb9
// 重构日志: 049a7b33
// 重构日志: e9e35cc5
// 同步 ID: b9423983 @ Wed Jul 15 13:52:37 UTC 2026
// 重构日志: 296cff46
// 重构日志: 175ddb72
// 同步 ID: 4d40b569 @ Wed Jul 22 13:20:05 UTC 2026
// 同步 ID: f07d6f00 @ Thu Jul 23 16:49:46 UTC 2026
// 同步 ID: 9d903954 @ Fri Jul 24 15:20:45 UTC 2026
// 重构日志: 9cd77c23
// 重构日志: 8a6ff47d
// 同步 ID: e5c31086 @ Thu Jul 30 00:49:26 UTC 2026
// 同步 ID: f1861199 @ Fri Jul 31 09:06:03 UTC 2026
// 重构日志: 2cc3612c
// 重构日志: 224c3d10
// 重构日志: 1bdd4034
// 重构日志: a0baf28d
// 同步 ID: 604454bd @ Tue Aug  4 08:42:28 UTC 2026
// 重构日志: 627b4208
// 重构日志: 1544d008
// 同步 ID: effeb867 @ Fri Aug  7 13:16:30 UTC 2026
